check-literals: 0 violation(s) in 0 file(s) (watchlist: 147 types)
crates/slicer-macros/tests/module_test_tdd.rs:73: R1 assert!(true)
crates/slicer-macros/tests/module_test_tdd.rs:124: R1 assert!(true)
crates/slicer-model-io/src/loader.rs:3240: R3 silent fixture-skip early return (bare `return` in an if-arm)
crates/slicer-model-io/src/loader.rs:3274: R3 silent fixture-skip early return (bare `return` in an if-arm)
crates/slicer-model-io/src/loader.rs:3295: R3 silent fixture-skip early return (bare `return` in an if-arm)
crates/slicer-runtime/src/progress_instrumentation.rs:492: R8 std::thread::sleep in test code (use a gated/bench target or an explicit join)
crates/slicer-runtime/tests/contract/guest_fixture_freshness_tdd.rs:158: R3 silent fixture-skip early return (bare `return` in an if-arm)
crates/slicer-runtime/tests/e2e/slicer_report_html_tdd.rs:392: R8 std::thread::sleep in test code (use a gated/bench target or an explicit join)
crates/slicer-runtime/tests/e2e/slicer_report_html_tdd.rs:396: R8 std::thread::sleep in test code (use a gated/bench target or an explicit join)
crates/slicer-runtime/tests/executor/layer_slice_tdd.rs:274: R3 silent fixture-skip early return (bare `return` in an if-arm)
crates/slicer-runtime/tests/executor/layer_slice_tdd.rs:336: R3 silent fixture-skip early return (bare `return` in an if-arm)
crates/slicer-wasm-host/src/host.rs:5039: R6 duplicate test-fn name `ir_to_wit_extrusion_role_preserves_reserved_builtin_roles` in one file
check-test-quality: 12 finding(s) in 7 file(s) [report mode]
xtask test: pnp_cli is stale or absent; rebuilding...
   Compiling num-traits v0.2.19
   Compiling log v0.4.29
   Compiling byteorder v1.5.0
   Compiling bytemuck_derive v1.10.2
   Compiling bytemuck v1.25.0
   Compiling num-complex v0.4.6
   Compiling approx v0.5.1
   Compiling hash32 v0.3.1
   Compiling scopeguard v1.2.0
   Compiling lock_api v0.4.14
   Compiling heapless v0.8.0
   Compiling syn v1.0.109
   Compiling vob v3.0.6
   Compiling ordered-float v5.3.0
   Compiling boostvoronoi v0.12.1
   Compiling slicer-scheduler v0.1.0 (D:\slicerProject\pinch_n_print_cli_2\crates\slicer-scheduler)
   Compiling rstar v0.12.2
   Compiling crc32fast v1.5.0
   Compiling clipper2-rust v1.1.0
   Compiling slicer-core v0.1.0 (D:\slicerProject\pinch_n_print_cli_2\crates\slicer-core)
   Compiling slicer-sdk v0.1.0 (D:\slicerProject\pinch_n_print_cli_2\crates\slicer-sdk)
   Compiling hashbrown v0.16.1
   Compiling indexmap v2.14.0
   Compiling spin v0.9.8
   Compiling hash32 v0.2.1
   Compiling gimli v0.33.0
   Compiling heapless v0.7.17
   Compiling postcard v1.1.3
   Compiling proc-macro-error-attr v1.0.4
   Compiling libc v0.2.189
   Compiling pulley-interpreter v47.0.3
   Compiling raw-cpuid v11.6.0
   Compiling regex-syntax v0.8.10
   Compiling cranelift-codegen-meta v0.134.3
   Compiling proc-macro-error v1.0.4
   Compiling approx v0.4.0
   Compiling getrandom v0.2.17
   Compiling simd-adler32 v0.3.9
   Compiling pulp-wasm-simd-flag v0.1.1
   Compiling reborrow v0.5.5
   Compiling pulp v0.22.3
   Compiling wasmparser v0.252.0
   Compiling rand_core v0.6.4
   Compiling cgmath v0.18.0
   Compiling cranelift-codegen v0.134.3
   Compiling object v0.39.1
   Compiling katexit v0.1.5
   Compiling dyn-stack v0.13.2
   Compiling matext4cgmath v0.1.0
   Compiling rand_chacha v0.3.1
   Compiling regalloc2 v0.15.1
   Compiling adler2 v2.0.1
   Compiling miniz_oxide v0.8.9
   Compiling wasmtime-environ v47.0.3
   Compiling rand v0.8.5
   Compiling truck-base v0.5.0
   Compiling truck-derivers v0.1.0
   Compiling aho-corasick v1.1.4
   Compiling sha1_smol v1.0.1
   Compiling uuid v1.23.0
   Compiling gemm-common v0.19.0
   Compiling regex-automata v0.4.14
   Compiling truck-geotrait v0.4.0
   Compiling flate2 v1.1.9
   Compiling nano-gemm-core v0.2.1
   Compiling wit-parser v0.252.0
   Compiling branches v0.3.0
   Compiling regex v1.12.3
   Compiling parking_lot_core v0.9.12
   Compiling lzma-sys v0.1.20
   Compiling lazy_static v1.5.0
   Compiling toml_datetime v0.6.11
   Compiling toml_edit v0.19.15
   Compiling derive_more v0.99.20
   Compiling parking_lot v0.12.5
   Compiling rclite v0.2.8
   Compiling wasmtime-internal-wit-bindgen v47.0.3
   Compiling wasmtime-internal-unwinder v47.0.3
   Compiling debugid v0.8.0
   Compiling cranelift-frontend v0.134.3
   Compiling cranelift-native v0.134.3
   Compiling interpol v0.2.1
   Compiling itertools v0.13.0
   Compiling array-macro v2.1.8
   Compiling private-gemm-x86 v0.1.20
   Compiling wasmtime-internal-cache v47.0.3
   Compiling truck-polymesh v0.6.0
   Compiling wasmtime-internal-cranelift v47.0.3
   Compiling fxprof-processed-profile v0.8.1
   Compiling wasm-compose v0.252.0
   Compiling ittapi v0.4.0
   Compiling Inflector v0.11.4
   Compiling wasmtime-internal-component-macro v47.0.3
   Compiling truck-topology v0.6.0
   Compiling wasmtime-internal-jit-debug v47.0.3
   Compiling wasmtime-internal-fiber v47.0.3
   Compiling witx v0.9.1
   Compiling proc-macro-crate v1.3.1
   Compiling truck-geometry v0.5.0
   Compiling memchr v1.0.2
   Compiling addr2line v0.26.1
   Compiling safe_arch v0.7.4
   Compiling equator-macro v0.2.1
   Compiling minimal-lexical v0.2.1
   Compiling utf8parse v0.2.2
   Compiling anstyle v1.0.14
   Compiling once_cell_polyfill v1.70.2
   Compiling anstyle-wincon v3.0.11
   Compiling anstyle-parse v1.0.0
   Compiling nom v7.1.3
   Compiling equator v0.2.2
   Compiling wasmtime v47.0.3
   Compiling wide v0.7.33
   Compiling nom v3.2.1
   Compiling ruststep-derive v0.4.0
   Compiling wiggle-generate v47.0.3
   Compiling xz2 v0.1.7
   Compiling nano-gemm-c32 v0.2.1
   Compiling nano-gemm-c64 v0.2.1
   Compiling nano-gemm-f32 v0.2.1
   Compiling nano-gemm-f64 v0.2.1
   Compiling gemm-f64 v0.19.0
   Compiling gemm-c64 v0.19.0
   Compiling gemm-f32 v0.19.0
   Compiling gemm-c32 v0.19.0
   Compiling qd v0.8.0
   Compiling derive-new v0.5.9
   Compiling num-derive v0.3.3
   Compiling meshopt v0.6.2
   Compiling itertools v0.10.5
   Compiling anstyle-query v1.1.5
   Compiling quick-xml v0.22.0
   Compiling num-integer v0.1.46
   Compiling lz4_flex v0.7.5
   Compiling rawpointer v0.2.1
   Compiling colorchoice v1.0.5
   Compiling num_cpus v1.17.0
   Compiling is_terminal_polyfill v1.70.2
   Compiling robust v1.2.0
   Compiling base64 v0.13.1
   Compiling generativity v1.2.1
   Compiling faer-traits v0.24.0
   Compiling equator v0.6.0
   Compiling vtkio v0.6.3
   Compiling spade v2.15.1
   Compiling anstream v1.0.0
   Compiling matrixmultiply v0.3.10
   Compiling num-rational v0.4.2
   Compiling ruststep v0.4.0
   Compiling gemm v0.19.0
   Compiling nano-gemm v0.2.2
   Compiling wiggle-macro v47.0.3
   Compiling simba v0.8.1
   Compiling truck-modeling v0.6.0
   Compiling fdeflate v0.3.7
   Compiling chrono v0.4.44
   Compiling float-cmp v0.10.0
   Compiling nalgebra-macros v0.2.2
   Compiling pxfm v0.1.30
   Compiling zune-core v0.5.1
   Compiling zune-jpeg v0.5.15
   Compiling moxcms v0.8.1
   Compiling nalgebra v0.32.6
   Compiling truck-stepio v0.3.0
   Compiling png v0.18.1
   Compiling wiggle v47.0.3
   Compiling faer v0.24.4
   Compiling truck-meshalgo v0.4.0
   Compiling wasmtime-wasi-io v47.0.3
   Compiling qoi v0.4.1
   Compiling strsim v0.11.1
   Compiling byteorder-lite v0.1.0
   Compiling clap_lex v1.1.0
   Compiling clap_builder v4.6.0
   Compiling image v0.25.10
   Compiling wasmtime-wasi v47.0.3
   Compiling slicer-helpers v0.1.0 (D:\slicerProject\pinch_n_print_cli_2\crates\slicer-helpers)
   Compiling seam-planner-default v0.1.0 (D:\slicerProject\pinch_n_print_cli_2\modules\core-modules\seam-planner-default)
   Compiling ahash v0.8.12
   Compiling zopfli v0.8.3
   Compiling clap_derive v4.6.1
   Compiling part-cooling v0.1.0 (D:\slicerProject\pinch_n_print_cli_2\modules\core-modules\part-cooling)
   Compiling gyroid-infill v0.1.0 (D:\slicerProject\pinch_n_print_cli_2\modules\core-modules\gyroid-infill)
   Compiling lightning-infill v0.1.0 (D:\slicerProject\pinch_n_print_cli_2\modules\core-modules\lightning-infill)
   Compiling tree-support v0.1.0 (D:\slicerProject\pinch_n_print_cli_2\modules\core-modules\tree-support)
   Compiling layer-planner-default v0.1.0 (D:\slicerProject\pinch_n_print_cli_2\modules\core-modules\layer-planner-default)
   Compiling seam-placer v0.1.0 (D:\slicerProject\pinch_n_print_cli_2\modules\core-modules\seam-placer)
   Compiling support-surface-ironing v0.1.0 (D:\slicerProject\pinch_n_print_cli_2\modules\core-modules\support-surface-ironing)
   Compiling machine-gcode-emit v0.1.0 (D:\slicerProject\pinch_n_print_cli_2\modules\core-modules\machine-gcode-emit)
   Compiling top-surface-ironing v0.1.0 (D:\slicerProject\pinch_n_print_cli_2\modules\core-modules\top-surface-ironing)
   Compiling wipe-tower v0.1.0 (D:\slicerProject\pinch_n_print_cli_2\modules\core-modules\wipe-tower)
   Compiling skirt-brim v0.1.0 (D:\slicerProject\pinch_n_print_cli_2\modules\core-modules\skirt-brim)
   Compiling overhang-classifier-default v0.1.0 (D:\slicerProject\pinch_n_print_cli_2\modules\core-modules\overhang-classifier-default)
   Compiling traditional-support v0.1.0 (D:\slicerProject\pinch_n_print_cli_2\modules\core-modules\traditional-support)
   Compiling rectilinear-infill v0.1.0 (D:\slicerProject\pinch_n_print_cli_2\modules\core-modules\rectilinear-infill)
   Compiling fuzzy-skin v0.1.0 (D:\slicerProject\pinch_n_print_cli_2\modules\core-modules\fuzzy-skin)
   Compiling infill-linker v0.1.0 (D:\slicerProject\pinch_n_print_cli_2\modules\core-modules\infill-linker)
   Compiling path-optimization-default v0.1.0 (D:\slicerProject\pinch_n_print_cli_2\modules\core-modules\path-optimization-default)
   Compiling jiff-core v0.1.0
   Compiling jiff v0.2.34
   Compiling slicer-integrated-modules v0.1.0 (D:\slicerProject\pinch_n_print_cli_2\crates\slicer-integrated-modules)
   Compiling clap v4.6.1
   Compiling zip v2.4.2
   Compiling tobj v4.0.3
   Compiling slicer-gcode v0.1.0 (D:\slicerProject\pinch_n_print_cli_2\crates\slicer-gcode)
   Compiling slicer-wasm-host v0.1.0 (D:\slicerProject\pinch_n_print_cli_2\crates\slicer-wasm-host)
   Compiling env_filter v2.0.0
   Compiling quick-xml v0.39.2
   Compiling stl_io v0.11.0
   Compiling slicer-model-io v0.1.0 (D:\slicerProject\pinch_n_print_cli_2\crates\slicer-model-io)
   Compiling env_logger v0.11.11
   Compiling slicer-runtime v0.1.0 (D:\slicerProject\pinch_n_print_cli_2\crates\slicer-runtime)
   Compiling ctrlc v3.5.2
   Compiling pnp-cli v0.1.0 (D:\slicerProject\pinch_n_print_cli_2\crates\pnp-cli)
    Finished `dev` profile [unoptimized + debuginfo] target(s) in 7m 54s
warning: the following packages contain code that will be rejected by a future version of Rust: nom v3.2.1, quick-xml v0.22.0
note: to see what the problems were, use the option `--future-incompat-report`, or run `cargo report future-incompatibilities --id 1`
xtask test: running `cargo test -p slicer-runtime --test contract --features slicer-core/host-algos -- infill_postprocess_contract_tdd --nocapture --skip arachne_parity_pipeline_concentric_infill_uses_arachne` (summary mode)
test result: ok. 9 passed; 0 failed; 0 ignored; 0 measured; 292 filtered out; finished in 1.39s

VERDICT: PASS

Full output written to: D:/slicerProject/pinch_n_print_cli_2/target/test-output.log
Inspect with: grep "^test result:" D:/slicerProject/pinch_n_print_cli_2/target/test-output.log   (summaries)
               grep -n "FAILED|panicked at" D:/slicerProject/pinch_n_print_cli_2/target/test-output.log (failures)
