
running 9 tests
test infill_postprocess_contract_tdd::infill_postprocess_absent_module_is_fatal_without_mutating_infill ... ok
test infill_postprocess_contract_tdd::infill_postprocess_never_constructs_internal_bridge_paths ... ok
test infill_postprocess_contract_tdd::infill_postprocess_partitioned_polygons ... ok
test infill_postprocess_contract_tdd::infill_postprocess_empty_replacement_supersedes_prior_ir ... ok
test infill_postprocess_contract_tdd::infill_postprocess_prior_ir_multi_region_buckets ... ok
test infill_postprocess_contract_tdd::infill_postprocess_inside_path_survives_so_the_clip_is_real ... ok
test infill_postprocess_contract_tdd::infill_postprocess_wall_source ... ok
test infill_postprocess_contract_tdd::infill_postprocess_tool_index_precedence ... ok
test infill_postprocess_contract_tdd::infill_postprocess_prior_ir ... ok

test result: ok. 9 passed; 0 failed; 0 ignored; 0 measured; 292 filtered out; finished in 1.39s

   Compiling zerocopy-derive v0.8.48
   Compiling zerocopy v0.8.48
   Compiling ppv-lite86 v0.2.21
   Compiling rand_chacha v0.9.0
   Compiling rand v0.9.4
   Compiling cpp_map v0.2.0
   Compiling boostvoronoi v0.12.1
   Compiling slicer-core v0.1.0 (D:\slicerProject\pinch_n_print_cli_2\crates\slicer-core)
   Compiling slicer-sdk v0.1.0 (D:\slicerProject\pinch_n_print_cli_2\crates\slicer-sdk)
   Compiling wasmparser v0.254.0
   Compiling regex-automata v0.4.14
   Compiling rand_chacha v0.3.1
   Compiling wasmtime-environ v47.0.3
   Compiling cranelift-codegen v0.134.3
   Compiling rand v0.8.5
   Compiling truck-geotrait v0.4.0
   Compiling regex v1.12.3
   Compiling wit-parser v0.254.0
   Compiling wasm-encoder v0.254.0
   Compiling wasm-metadata v0.254.0
   Compiling wit-parser v0.252.0
   Compiling wasmtime-internal-wit-bindgen v47.0.3
   Compiling wit-component v0.254.0
   Compiling wasmtime-internal-unwinder v47.0.3
   Compiling wit-bindgen-core v0.60.0
   Compiling cranelift-frontend v0.134.3
   Compiling cranelift-native v0.134.3
   Compiling prettyplease v0.2.37
   Compiling wasmtime-internal-cache v47.0.3
   Compiling truck-polymesh v0.6.0
   Compiling wasmtime-internal-cranelift v47.0.3
   Compiling wit-bindgen-rust v0.60.0
   Compiling Inflector v0.11.4
   Compiling truck-topology v0.6.0
   Compiling wasmtime-internal-component-macro v47.0.3
   Compiling wasmtime-internal-fiber v47.0.3
   Compiling truck-geometry v0.5.0
   Compiling macro-string v0.2.0
   Compiling wit-bindgen-rust-macro v0.60.0
   Compiling wasmtime v47.0.3
   Compiling wiggle-generate v47.0.3
   Compiling ruststep-derive v0.4.0
   Compiling ruststep v0.4.0
   Compiling wiggle-macro v47.0.3
   Compiling wit-bindgen v0.60.0
   Compiling truck-modeling v0.6.0
   Compiling truck-stepio v0.3.0
   Compiling wiggle v47.0.3
   Compiling truck-meshalgo v0.4.0
   Compiling wasmtime-wasi-io v47.0.3
   Compiling half v2.7.1
   Compiling ciborium-io v0.2.2
   Compiling predicates-core v1.0.10
   Compiling ciborium-ll v0.2.2
   Compiling wasmtime-wasi v47.0.3
   Compiling slicer-helpers v0.1.0 (D:\slicerProject\pinch_n_print_cli_2\crates\slicer-helpers)
   Compiling seam-planner-default v0.1.0 (D:\slicerProject\pinch_n_print_cli_2\modules\core-modules\seam-planner-default)
   Compiling ahash v0.8.12
   Compiling zopfli v0.8.3
   Compiling same-file v1.0.6
   Compiling machine-gcode-emit v0.1.0 (D:\slicerProject\pinch_n_print_cli_2\modules\core-modules\machine-gcode-emit)
   Compiling infill-linker v0.1.0 (D:\slicerProject\pinch_n_print_cli_2\modules\core-modules\infill-linker)
   Compiling path-optimization-default v0.1.0 (D:\slicerProject\pinch_n_print_cli_2\modules\core-modules\path-optimization-default)
   Compiling seam-placer v0.1.0 (D:\slicerProject\pinch_n_print_cli_2\modules\core-modules\seam-placer)
   Compiling support-surface-ironing v0.1.0 (D:\slicerProject\pinch_n_print_cli_2\modules\core-modules\support-surface-ironing)
   Compiling layer-planner-default v0.1.0 (D:\slicerProject\pinch_n_print_cli_2\modules\core-modules\layer-planner-default)
   Compiling top-surface-ironing v0.1.0 (D:\slicerProject\pinch_n_print_cli_2\modules\core-modules\top-surface-ironing)
   Compiling skirt-brim v0.1.0 (D:\slicerProject\pinch_n_print_cli_2\modules\core-modules\skirt-brim)
   Compiling rectilinear-infill v0.1.0 (D:\slicerProject\pinch_n_print_cli_2\modules\core-modules\rectilinear-infill)
   Compiling fuzzy-skin v0.1.0 (D:\slicerProject\pinch_n_print_cli_2\modules\core-modules\fuzzy-skin)
   Compiling traditional-support v0.1.0 (D:\slicerProject\pinch_n_print_cli_2\modules\core-modules\traditional-support)
   Compiling overhang-classifier-default v0.1.0 (D:\slicerProject\pinch_n_print_cli_2\modules\core-modules\overhang-classifier-default)
   Compiling lightning-infill v0.1.0 (D:\slicerProject\pinch_n_print_cli_2\modules\core-modules\lightning-infill)
   Compiling part-cooling v0.1.0 (D:\slicerProject\pinch_n_print_cli_2\modules\core-modules\part-cooling)
   Compiling wipe-tower v0.1.0 (D:\slicerProject\pinch_n_print_cli_2\modules\core-modules\wipe-tower)
   Compiling gyroid-infill v0.1.0 (D:\slicerProject\pinch_n_print_cli_2\modules\core-modules\gyroid-infill)
   Compiling tree-support v0.1.0 (D:\slicerProject\pinch_n_print_cli_2\modules\core-modules\tree-support)
   Compiling cast v0.3.0
   Compiling termtree v0.5.1
   Compiling difflib v0.4.0
   Compiling normalize-line-endings v0.3.0
   Compiling predicates v3.1.4
   Compiling predicates-tree v1.0.13
   Compiling criterion-plot v0.5.0
   Compiling slicer-integrated-modules v0.1.0 (D:\slicerProject\pinch_n_print_cli_2\crates\slicer-integrated-modules)
   Compiling walkdir v2.5.0
   Compiling zip v2.4.2
   Compiling tobj v4.0.3
   Compiling slicer-gcode v0.1.0 (D:\slicerProject\pinch_n_print_cli_2\crates\slicer-gcode)
   Compiling slicer-wasm-host v0.1.0 (D:\slicerProject\pinch_n_print_cli_2\crates\slicer-wasm-host)
   Compiling ciborium v0.2.2
   Compiling bstr v1.12.1
   Compiling tinytemplate v1.2.1
   Compiling is-terminal v0.4.17
   Compiling wait-timeout v0.2.1
   Compiling anes v0.1.6
   Compiling oorandom v11.1.5
   Compiling criterion v0.5.1
   Compiling slicer-model-io v0.1.0 (D:\slicerProject\pinch_n_print_cli_2\crates\slicer-model-io)
   Compiling assert_cmd v2.2.2
   Compiling slicer-runtime v0.1.0 (D:\slicerProject\pinch_n_print_cli_2\crates\slicer-runtime)
   Compiling sdk-layer-infill-guest v0.1.0 (D:\slicerProject\pinch_n_print_cli_2\crates\slicer-wasm-host\test-guests\sdk-layer-infill-guest)
   Compiling sdk-finalization-guest v0.1.0 (D:\slicerProject\pinch_n_print_cli_2\crates\slicer-wasm-host\test-guests\sdk-finalization-guest)
   Compiling sdk-postpass-text-guest v0.1.0 (D:\slicerProject\pinch_n_print_cli_2\crates\slicer-wasm-host\test-guests\sdk-postpass-text-guest)
   Compiling sdk-prepass-guest v0.1.0 (D:\slicerProject\pinch_n_print_cli_2\crates\slicer-wasm-host\test-guests\sdk-prepass-guest)
   Compiling classic-perimeters v0.1.0 (D:\slicerProject\pinch_n_print_cli_2\modules\core-modules\classic-perimeters)
   Compiling tree-support-planner v0.1.0 (D:\slicerProject\pinch_n_print_cli_2\modules\core-modules\tree-support-planner)
   Compiling raft-default v0.1.0 (D:\slicerProject\pinch_n_print_cli_2\modules\core-modules\raft-default)
   Compiling arachne-perimeters v0.1.0 (D:\slicerProject\pinch_n_print_cli_2\modules\core-modules\arachne-perimeters)
   Compiling wave-overhangs v0.1.0 (D:\slicerProject\pinch_n_print_cli_2\modules\core-modules\wave-overhangs)
   Compiling pnp-cli-locator v0.1.0 (D:\slicerProject\pinch_n_print_cli_2\crates\pnp-cli-locator)
    Finished `test` profile [unoptimized + debuginfo] target(s) in 5m 33s
warning: the following packages contain code that will be rejected by a future version of Rust: nom v3.2.1, quick-xml v0.22.0
note: to see what the problems were, use the option `--future-incompat-report`, or run `cargo report future-incompatibilities --id 1`
     Running tests\contract\main.rs (target\debug\deps\contract-3cc53efea4e24714.exe)
