STALE: arachne-perimeters-guest
fingerprint mismatch
STALE: classic-perimeters-guest
fingerprint mismatch
STALE: fuzzy-skin-guest
fingerprint mismatch
STALE: gyroid-infill-guest
fingerprint mismatch
STALE: infill-linker-guest
fingerprint mismatch
STALE: layer-planner-default-guest
fingerprint mismatch
STALE: lightning-infill-guest
fingerprint mismatch
STALE: machine_gcode_emit_guest
fingerprint mismatch
STALE: overhang_classifier_default_guest
fingerprint mismatch
STALE: part_cooling_guest
fingerprint mismatch
STALE: path-optimization-default-guest
fingerprint mismatch
STALE: raft-default-guest
fingerprint mismatch
STALE: rectilinear-infill-guest
fingerprint mismatch
STALE: seam-placer-guest
fingerprint mismatch
STALE: seam-planner-default-guest
fingerprint mismatch
STALE: skirt-brim-guest
fingerprint mismatch
STALE: support-surface-ironing-guest
fingerprint mismatch
STALE: top-surface-ironing-guest
fingerprint mismatch
STALE: traditional-support-guest
fingerprint mismatch
STALE: traditional-support-planner-guest
fingerprint mismatch
STALE: tree-support-guest
fingerprint mismatch
STALE: tree-support-planner-guest
fingerprint mismatch
STALE: wave-overhangs-guest
fingerprint mismatch
STALE: wipe-tower-guest
fingerprint mismatch
STALE: anchored-events-roundtrip-guest
fingerprint mismatch
STALE: dispatch-layer-infill-postprocess-guest
fingerprint mismatch
STALE: dispatch-layer-path-optimization-guest
fingerprint mismatch
STALE: dispatch-layer-perimeters-guest
fingerprint mismatch
STALE: dispatch-layer-perimeters-postprocess-guest
fingerprint mismatch
STALE: dispatch-layer-slice-postprocess-guest
fingerprint mismatch
STALE: dispatch-layer-support-postprocess-guest
fingerprint mismatch
STALE: finalization-guest
fingerprint mismatch
STALE: finalization-mutation-roundtrip-guest
fingerprint mismatch
STALE: infill-postprocess-echo-guest
fingerprint mismatch
STALE: layer-infill-guest
fingerprint mismatch
STALE: path-optimization-multi-read
fingerprint mismatch
STALE: postpass-guest
fingerprint mismatch
STALE: prepass-guest
fingerprint mismatch
STALE: prepass-layer-planning-guest
fingerprint mismatch
STALE: sdk-finalization-guest
fingerprint mismatch
STALE: sdk-host-bridge-guest
fingerprint mismatch
STALE: sdk-layer-infill-guest
fingerprint mismatch
STALE: sdk-layer-pathopt-guest
fingerprint mismatch
STALE: sdk-postpass-text-guest
fingerprint mismatch
STALE: sdk-prepass-guest
fingerprint mismatch
STALE: sdk-support-diagnostic-guest
fingerprint mismatch
STALE: support-anchored-reach-guest
fingerprint mismatch
