STALE: arachne-perimeters-guest
fingerprint mismatch
STALE: classic-perimeters-guest
fingerprint mismatch
STALE: fuzzy-skin-guest
fingerprint mismatch
STALE: gyroid-infill-guest
fingerprint mismatch
STALE: infill-linker-guest
fingerprint mismatch
STALE: layer-planner-default-guest
fingerprint mismatch
STALE: lightning-infill-guest
fingerprint mismatch
STALE: machine_gcode_emit_guest
fingerprint mismatch
STALE: overhang_classifier_default_guest
fingerprint mismatch
STALE: part_cooling_guest
fingerprint mismatch
STALE: path-optimization-default-guest
fingerprint mismatch
STALE: raft-default-guest
fingerprint mismatch
STALE: rectilinear-infill-guest
fingerprint mismatch
STALE: seam-placer-guest
fingerprint mismatch
STALE: seam-planner-default-guest
fingerprint mismatch
STALE: skirt-brim-guest
fingerprint mismatch
STALE: support-surface-ironing-guest
fingerprint mismatch
STALE: top-surface-ironing-guest
fingerprint mismatch
STALE: traditional-support-guest
fingerprint mismatch
STALE: traditional-support-planner-guest
fingerprint mismatch
STALE: tree-support-guest
fingerprint mismatch
STALE: tree-support-planner-guest
fingerprint mismatch
STALE: wave-overhangs-guest
fingerprint mismatch
STALE: wipe-tower-guest
fingerprint mismatch
STALE: anchored-events-roundtrip-guest
fingerprint mismatch
STALE: dispatch-layer-infill-postprocess-guest
fingerprint mismatch
STALE: dispatch-layer-path-optimization-guest
fingerprint mismatch
STALE: dispatch-layer-perimeters-guest
fingerprint mismatch
STALE: dispatch-layer-perimeters-postprocess-guest
fingerprint mismatch
STALE: dispatch-layer-slice-postprocess-guest
fingerprint mismatch
STALE: dispatch-layer-support-postprocess-guest
fingerprint mismatch
STALE: finalization-guest
fingerprint mismatch
STALE: finalization-mutation-roundtrip-guest
fingerprint mismatch
STALE: infill-postprocess-echo-guest
fingerprint mismatch
STALE: layer-infill-guest
fingerprint mismatch
STALE: path-optimization-multi-read
fingerprint mismatch
STALE: postpass-guest
fingerprint mismatch
STALE: prepass-guest
fingerprint mismatch
STALE: prepass-layer-planning-guest
fingerprint mismatch
STALE: sdk-finalization-guest
fingerprint mismatch
STALE: sdk-host-bridge-guest
fingerprint mismatch
STALE: sdk-layer-infill-guest
fingerprint mismatch
STALE: sdk-layer-pathopt-guest
fingerprint mismatch
STALE: sdk-postpass-text-guest
fingerprint mismatch
STALE: sdk-prepass-guest
fingerprint mismatch
STALE: sdk-support-diagnostic-guest
fingerprint mismatch
STALE: support-anchored-reach-guest
fingerprint mismatch
building: arachne-perimeters-guest
building: classic-perimeters-guest
building: fuzzy-skin-guest
building: gyroid-infill-guest
building: infill-linker-guest
building: layer-planner-default-guest
building: lightning-infill-guest
building: machine_gcode_emit_guest
building: overhang_classifier_default_guest
building: part_cooling_guest
building: path-optimization-default-guest
building: raft-default-guest
building: rectilinear-infill-guest
building: seam-placer-guest
building: seam-planner-default-guest
building: skirt-brim-guest
building: support-surface-ironing-guest
building: top-surface-ironing-guest
building: traditional-support-guest
building: traditional-support-planner-guest
building: tree-support-guest
building: tree-support-planner-guest
building: wave-overhangs-guest
building: wipe-tower-guest
building: anchored-events-roundtrip-guest
building: dispatch-layer-infill-postprocess-guest
building: dispatch-layer-path-optimization-guest
building: dispatch-layer-perimeters-guest
building: dispatch-layer-perimeters-postprocess-guest
building: dispatch-layer-slice-postprocess-guest
building: dispatch-layer-support-postprocess-guest
building: finalization-guest
building: finalization-mutation-roundtrip-guest
building: infill-postprocess-echo-guest
building: layer-infill-guest
building: path-optimization-multi-read
building: postpass-guest
building: prepass-guest
building: prepass-layer-planning-guest
building: sdk-finalization-guest
building: sdk-host-bridge-guest
building: sdk-layer-infill-guest
building: sdk-layer-pathopt-guest
building: sdk-postpass-text-guest
building: sdk-prepass-guest
building: sdk-support-diagnostic-guest
building: support-anchored-reach-guest
built 47 guest(s)
