   Compiling quote v1.0.45
   Compiling proc-macro2 v1.0.106
   Compiling syn v2.0.117
   Compiling serde_derive v1.0.228
   Compiling cfg-if v1.0.4
   Compiling serde v1.0.228
   Compiling libm v0.2.16
   Compiling hashbrown v0.17.0
   Compiling getrandom v0.3.4
   Compiling anyhow v1.0.104
   Compiling windows-sys v0.61.2
   Compiling indexmap v2.14.0
   Compiling thiserror-impl v2.0.18
   Compiling jobserver v0.1.34
   Compiling cc v1.2.59
   Compiling smallvec v1.15.1
   Compiling memchr v2.8.0
   Compiling bitflags v2.11.1
   Compiling typenum v1.19.0
   Compiling generic-array v0.14.7
   Compiling wasmtime-internal-core v47.0.3
   Compiling cranelift-bitset v0.134.3
   Compiling thiserror v2.0.18
   Compiling stable_deref_trait v1.2.1
   Compiling crypto-common v0.1.7
   Compiling block-buffer v0.10.4
   Compiling synstructure v0.13.2
   Compiling heck v0.5.0
   Compiling digest v0.10.7
   Compiling semver v1.0.27
   Compiling cpufeatures v0.2.17
   Compiling sha2 v0.10.9
   Compiling target-lexicon v0.13.5
   Compiling zerofrom-derive v0.1.7
   Compiling zerofrom v0.1.8
   Compiling yoke-derive v0.8.2
   Compiling pulley-macros v47.0.3
   Compiling leb128fmt v0.1.0
   Compiling allocator-api2 v0.2.21
   Compiling hashbrown v0.16.1
   Compiling rustc-hash v2.1.2
   Compiling fnv v1.0.7
   Compiling gimli v0.33.0
   Compiling bumpalo v3.20.2
   Compiling yoke v0.8.3
   Compiling cranelift-entity v0.134.3
   Compiling wasmparser v0.252.0
   Compiling cobs v0.3.0
   Compiling wasmtime-internal-versioned-export-macros v47.0.3
   Compiling crc32fast v1.5.0
   Compiling postcard v1.1.3
   Compiling cranelift-bforest v0.134.3
   Compiling pulley-interpreter v47.0.3
   Compiling zerovec-derive v0.11.3
   Compiling cranelift-codegen-shared v0.134.3
   Compiling cranelift-codegen-meta v0.134.3
   Compiling zerovec v0.11.6
   Compiling winapi-util v0.1.11
   Compiling thiserror-impl v1.0.69
   Compiling displaydoc v0.2.5
   Compiling zstd-sys v2.0.16+zstd.1.5.7
   Compiling thiserror v1.0.69
   Compiling termcolor v1.4.1
   Compiling cranelift-codegen v0.134.3
   Compiling object v0.39.1
   Compiling crossbeam-utils v0.8.21
   Compiling wasm-encoder v0.252.0
   Compiling serde_json v1.0.149
   Compiling wasmtime-internal-component-util v47.0.3
   Compiling arbitrary v1.4.2
   Compiling cranelift-control v0.134.3
   Compiling crossbeam-epoch v0.9.18
   Compiling cranelift-assembler-x64 v0.134.3
   Compiling wasmprinter v0.252.0
   Compiling num-traits v0.2.19
   Compiling cpp_demangle v0.5.1
   Compiling regalloc2 v0.15.1
   Compiling zerocopy v0.8.48
   Compiling either v1.15.0
   Compiling rustc-demangle v0.1.27
   Compiling wasmtime-environ v47.0.3
   Compiling crossbeam-deque v0.8.6
   Compiling windows_x86_64_msvc v0.52.6
   Compiling tinystr v0.8.3
   Compiling litemap v0.8.2
   Compiling rand_core v0.10.1
   Compiling writeable v0.6.3
   Compiling pin-project-lite v0.2.17
   Compiling zstd-safe v7.2.4
   Compiling icu_locale_core v2.2.0
   Compiling windows-targets v0.52.6
   Compiling rayon-core v1.13.0
   Compiling winapi v0.3.9
   Compiling windows_x86_64_msvc v0.53.1
   Compiling zerotrie v0.2.4
   Compiling potential_utf v0.1.5
   Compiling wasm-encoder v0.256.0
   Compiling ittapi-sys v0.4.0
   Compiling winnow v1.0.1
   Compiling utf8_iter v1.0.4
   Compiling once_cell v1.21.4
   Compiling futures-sink v0.3.32
   Compiling futures-core v0.3.32
   Compiling unicode-width v0.2.2
   Compiling wast v256.0.0
   Compiling futures-channel v0.3.32
   Compiling icu_collections v2.2.0
   Compiling toml_parser v1.1.2+spec-1.1.0
   Compiling wit-parser v0.252.0
   Compiling icu_provider v2.2.0
   Compiling windows-targets v0.53.5
   Compiling dirs-sys-next v0.1.2
   Compiling ppv-lite86 v0.2.21
   Compiling rayon v1.11.0
   Compiling windows-sys v0.59.0
   Compiling getrandom v0.4.2
   Compiling wasmtime-internal-jit-debug v47.0.3
   Compiling wasmtime-internal-fiber v47.0.3
   Compiling rand_core v0.9.5
   Compiling serde_spanned v1.1.1
   Compiling toml_datetime v0.7.5+spec-1.1.0
   Compiling fixedbitset v0.4.2
   Compiling toml_writer v1.1.1+spec-1.1.0
   Compiling futures-task v0.3.32
   Compiling slab v0.4.12
   Compiling uuid v1.23.0
   Compiling libc v0.2.189
   Compiling futures-io v0.3.32
   Compiling futures-util v0.3.32
   Compiling debugid v0.8.0
   Compiling toml v0.9.12+spec-1.1.0
   Compiling petgraph v0.6.5
   Compiling rand_chacha v0.9.0
   Compiling directories-next v2.0.0
   Compiling windows-sys v0.60.2
   Compiling zstd v0.13.3
   Compiling wasmtime-internal-wit-bindgen v47.0.3
   Compiling io-lifetimes v3.0.1
   Compiling icu_normalizer_data v2.2.0
   Compiling wasmtime-internal-unwinder v47.0.3
   Compiling io-lifetimes v2.0.4
   Compiling icu_properties_data v2.2.0
   Compiling wat v1.256.0
   Compiling cranelift-frontend v0.134.3
   Compiling cranelift-native v0.134.3
   Compiling itertools v0.14.0
   Compiling wasmtime v47.0.3
   Compiling toml_datetime v0.6.11
   Compiling serde_spanned v0.6.9
   Compiling option-ext v0.2.0
   Compiling base64 v0.22.1
   Compiling fastrand v2.3.0
   Compiling byteorder v1.5.0
   Compiling hash32 v0.3.1
   Compiling tempfile v3.27.0
   Compiling wasmtime-internal-cache v47.0.3
   Compiling toml_edit v0.22.27
   Compiling dirs-sys v0.5.0
   Compiling wasmtime-internal-cranelift v47.0.3
   Compiling wasm-compose v0.252.0
   Compiling icu_properties v2.2.0
   Compiling fs-set-times v0.20.3
   Compiling icu_normalizer v2.2.0
   Compiling io-extras v0.19.0
   Compiling ittapi v0.4.0
   Compiling wasmtime-internal-component-macro v47.0.3
   Compiling rand v0.9.4
   Compiling fxprof-processed-profile v0.8.1
   Compiling futures v0.3.32
   Compiling witx v0.9.1
   Compiling winx v0.36.4
   Compiling tracing-core v0.1.36
   Compiling slicer-ir v0.1.0 (D:\slicerProject\pinch_n_print_cli_2\crates\slicer-ir)
   Compiling addr2line v0.26.1
   Compiling wasmtime-internal-jit-icache-coherence v47.0.3
   Compiling encoding_rs v0.8.35
   Compiling async-trait v0.1.89
   Compiling tracing-attributes v0.1.31
   Compiling maybe-owned v0.3.4
   Compiling ipnet v2.12.1
   Compiling ambient-authority v0.0.2
   Compiling cap-primitives v4.0.2
   Compiling tracing v0.1.44
   Compiling wiggle-generate v47.0.3
   Compiling cpp_map v0.2.0
   Compiling idna_adapter v1.2.2
   Compiling directories v6.0.0
   Compiling toml v0.8.23
   Compiling heapless v0.8.0
   Compiling approx v0.5.1
   Compiling ordered-float v5.3.0
   Compiling vob v3.0.6
   Compiling bytes v1.12.1
   Compiling cpufeatures v0.3.0
   Compiling percent-encoding v2.3.2
   Compiling form_urlencoded v1.2.2
   Compiling slicer-macros v0.1.0 (D:\slicerProject\pinch_n_print_cli_2\crates\slicer-macros)
   Compiling chacha20 v0.10.1
   Compiling boostvoronoi v0.12.1
   Compiling rstar v0.12.2
   Compiling slicer-scheduler v0.1.0 (D:\slicerProject\pinch_n_print_cli_2\crates\slicer-scheduler)
   Compiling idna v1.1.0
   Compiling wiggle-macro v47.0.3
   Compiling cap-std v4.0.2
   Compiling clipper2-rust v1.1.0
   Compiling mio v1.2.2
   Compiling socket2 v0.6.5
   Compiling errno v0.3.14
   Compiling rustix v1.1.4
   Compiling tokio v1.53.1
   Compiling slicer-core v0.1.0 (D:\slicerProject\pinch_n_print_cli_2\crates\slicer-core)
   Compiling cap-fs-ext v4.0.2
   Compiling wiggle v47.0.3
   Compiling url v2.5.8
   Compiling rand v0.10.2
   Compiling wasmtime-wasi-io v47.0.3
   Compiling slicer-wasm-host v0.1.0 (D:\slicerProject\pinch_n_print_cli_2\crates\slicer-wasm-host)
   Compiling wasmtime-wasi v47.0.3
   Compiling slicer-sdk v0.1.0 (D:\slicerProject\pinch_n_print_cli_2\crates\slicer-sdk)
   Compiling wasmparser v0.247.0
   Compiling wit-parser v0.247.0
   Compiling witness v0.1.0 (D:\slicerProject\pinch_n_print_cli_2\crates\slicer-wasm-host\test-guests\witness)
    Finished `test` profile [unoptimized + debuginfo] target(s) in 6m 25s
     Running tests\contract\main.rs (target\debug\deps\contract-e017127a3b84dfc2.exe)

running 8 tests
test support_plan_validation::identity_aggregate_spread_across_the_plate_is_measured_per_body ... ok
test support_plan_validation::same_family_duplicate_identity_unions_without_a_duplicate_diagnostic ... ok
test support_plan_validation ... ok
test support_plan_validation::support_body_straddling_absolute_cell_boundary_is_retained ... ok
test support_plan_validation::support_body_wider_than_the_deleted_routing_cell_is_retained ... ok
test support_plan_validation::support_plan_aggregation_diagnoses_duplicate_identity ... ok
test support_plan_validation::support_plan_aggregation_preserves_distinct_families ... ok
test support_plan_validation::support_plan_validation ... ok

test result: ok. 8 passed; 0 failed; 0 ignored; 0 measured; 123 filtered out; finished in 0.00s

