STALE: arachne-perimeters-guest
artifact missing
STALE: classic-perimeters-guest
artifact missing
STALE: fuzzy-skin-guest
artifact missing
STALE: gyroid-infill-guest
artifact missing
STALE: infill-linker-guest
artifact missing
STALE: layer-planner-default-guest
artifact missing
STALE: lightning-infill-guest
artifact missing
STALE: machine_gcode_emit_guest
artifact missing
STALE: overhang_classifier_default_guest
artifact missing
STALE: part_cooling_guest
artifact missing
STALE: path-optimization-default-guest
artifact missing
STALE: raft-default-guest
artifact missing
STALE: rectilinear-infill-guest
artifact missing
STALE: seam-placer-guest
artifact missing
STALE: seam-planner-default-guest
artifact missing
STALE: skirt-brim-guest
artifact missing
STALE: support-surface-ironing-guest
artifact missing
STALE: top-surface-ironing-guest
artifact missing
STALE: traditional-support-guest
artifact missing
STALE: traditional-support-planner-guest
artifact missing
STALE: tree-support-guest
artifact missing
STALE: tree-support-planner-guest
artifact missing
STALE: wave-overhangs-guest
artifact missing
STALE: wipe-tower-guest
artifact missing
STALE: anchored-events-roundtrip-guest
artifact missing
STALE: dispatch-layer-infill-postprocess-guest
artifact missing
STALE: dispatch-layer-path-optimization-guest
artifact missing
STALE: dispatch-layer-perimeters-guest
artifact missing
STALE: dispatch-layer-perimeters-postprocess-guest
artifact missing
STALE: dispatch-layer-slice-postprocess-guest
artifact missing
STALE: dispatch-layer-support-postprocess-guest
artifact missing
STALE: finalization-guest
artifact missing
STALE: finalization-mutation-roundtrip-guest
artifact missing
STALE: infill-postprocess-echo-guest
artifact missing
STALE: layer-infill-guest
artifact missing
STALE: path-optimization-multi-read
artifact missing
STALE: postpass-guest
artifact missing
STALE: prepass-guest
artifact missing
STALE: prepass-layer-planning-guest
artifact missing
STALE: sdk-finalization-guest
artifact missing
STALE: sdk-host-bridge-guest
artifact missing
STALE: sdk-layer-infill-guest
artifact missing
STALE: sdk-layer-pathopt-guest
artifact missing
STALE: sdk-postpass-text-guest
artifact missing
STALE: sdk-prepass-guest
artifact missing
STALE: sdk-support-diagnostic-guest
artifact missing
STALE: support-anchored-reach-guest
artifact missing
