STALE: arachne-perimeters-guest
artifact missing
STALE: classic-perimeters-guest
artifact missing
STALE: fuzzy-skin-guest
artifact missing
STALE: gyroid-infill-guest
artifact missing
STALE: infill-linker-guest
artifact missing
STALE: layer-planner-default-guest
artifact missing
STALE: lightning-infill-guest
artifact missing
STALE: machine_gcode_emit_guest
artifact missing
STALE: overhang_classifier_default_guest
artifact missing
STALE: part_cooling_guest
artifact missing
STALE: path-optimization-default-guest
artifact missing
STALE: raft-default-guest
artifact missing
STALE: rectilinear-infill-guest
artifact missing
STALE: seam-placer-guest
artifact missing
STALE: seam-planner-default-guest
artifact missing
STALE: skirt-brim-guest
artifact missing
STALE: support-surface-ironing-guest
artifact missing
STALE: top-surface-ironing-guest
artifact missing
STALE: traditional-support-guest
artifact missing
STALE: traditional-support-planner-guest
artifact missing
STALE: tree-support-guest
artifact missing
STALE: tree-support-planner-guest
artifact missing
STALE: wave-overhangs-guest
artifact missing
STALE: wipe-tower-guest
artifact missing
STALE: anchored-events-roundtrip-guest
artifact missing
STALE: dispatch-layer-infill-postprocess-guest
artifact missing
STALE: dispatch-layer-path-optimization-guest
artifact missing
STALE: dispatch-layer-perimeters-guest
artifact missing
STALE: dispatch-layer-perimeters-postprocess-guest
artifact missing
STALE: dispatch-layer-slice-postprocess-guest
artifact missing
STALE: dispatch-layer-support-postprocess-guest
artifact missing
STALE: finalization-guest
artifact missing
STALE: finalization-mutation-roundtrip-guest
artifact missing
STALE: infill-postprocess-echo-guest
artifact missing
STALE: layer-infill-guest
artifact missing
STALE: path-optimization-multi-read
artifact missing
STALE: postpass-guest
artifact missing
STALE: prepass-guest
artifact missing
STALE: prepass-layer-planning-guest
artifact missing
STALE: sdk-finalization-guest
artifact missing
STALE: sdk-host-bridge-guest
artifact missing
STALE: sdk-layer-infill-guest
artifact missing
STALE: sdk-layer-pathopt-guest
artifact missing
STALE: sdk-postpass-text-guest
artifact missing
STALE: sdk-prepass-guest
artifact missing
STALE: sdk-support-diagnostic-guest
artifact missing
STALE: support-anchored-reach-guest
artifact missing
building: arachne-perimeters-guest
building: classic-perimeters-guest
building: fuzzy-skin-guest
building: gyroid-infill-guest
building: infill-linker-guest
building: layer-planner-default-guest
building: lightning-infill-guest
building: machine_gcode_emit_guest
building: overhang_classifier_default_guest
building: part_cooling_guest
building: path-optimization-default-guest
building: raft-default-guest
building: rectilinear-infill-guest
building: seam-placer-guest
building: seam-planner-default-guest
building: skirt-brim-guest
building: support-surface-ironing-guest
building: top-surface-ironing-guest
building: traditional-support-guest
building: traditional-support-planner-guest
building: tree-support-guest
building: tree-support-planner-guest
building: wave-overhangs-guest
building: wipe-tower-guest
building: anchored-events-roundtrip-guest
building: dispatch-layer-infill-postprocess-guest
building: dispatch-layer-path-optimization-guest
building: dispatch-layer-perimeters-guest
building: dispatch-layer-perimeters-postprocess-guest
building: dispatch-layer-slice-postprocess-guest
building: dispatch-layer-support-postprocess-guest
building: finalization-guest
building: finalization-mutation-roundtrip-guest
building: infill-postprocess-echo-guest
building: layer-infill-guest
building: path-optimization-multi-read
building: postpass-guest
building: prepass-guest
building: prepass-layer-planning-guest
building: sdk-finalization-guest
building: sdk-host-bridge-guest
building: sdk-layer-infill-guest
building: sdk-layer-pathopt-guest
building: sdk-postpass-text-guest
building: sdk-prepass-guest
building: sdk-support-diagnostic-guest
building: support-anchored-reach-guest
built 47 guest(s)
