    Checking slicer-ir v0.1.0 (D:\slicerProject\pinch_n_print_cli_2\crates\slicer-ir)
    Checking slicer-schema v0.1.0 (D:\slicerProject\pinch_n_print_cli_2\crates\slicer-schema)
    Checking slicer-scheduler v0.1.0 (D:\slicerProject\pinch_n_print_cli_2\crates\slicer-scheduler)
   Compiling slicer-core v0.1.0 (D:\slicerProject\pinch_n_print_cli_2\crates\slicer-core)
   Compiling slicer-macros v0.1.0 (D:\slicerProject\pinch_n_print_cli_2\crates\slicer-macros)
    Checking slicer-sdk v0.1.0 (D:\slicerProject\pinch_n_print_cli_2\crates\slicer-sdk)
    Checking slicer-model-io v0.1.0 (D:\slicerProject\pinch_n_print_cli_2\crates\slicer-model-io)
   Compiling slicer-wasm-host v0.1.0 (D:\slicerProject\pinch_n_print_cli_2\crates\slicer-wasm-host)
    Checking slicer-helpers v0.1.0 (D:\slicerProject\pinch_n_print_cli_2\crates\slicer-helpers)
    Checking slicer-gcode v0.1.0 (D:\slicerProject\pinch_n_print_cli_2\crates\slicer-gcode)
    Checking seam-planner-default v0.1.0 (D:\slicerProject\pinch_n_print_cli_2\modules\core-modules\seam-planner-default)
    Checking seam-placer v0.1.0 (D:\slicerProject\pinch_n_print_cli_2\modules\core-modules\seam-placer)
    Checking infill-linker v0.1.0 (D:\slicerProject\pinch_n_print_cli_2\modules\core-modules\infill-linker)
    Checking rectilinear-infill v0.1.0 (D:\slicerProject\pinch_n_print_cli_2\modules\core-modules\rectilinear-infill)
    Checking traditional-support v0.1.0 (D:\slicerProject\pinch_n_print_cli_2\modules\core-modules\traditional-support)
    Checking path-optimization-default v0.1.0 (D:\slicerProject\pinch_n_print_cli_2\modules\core-modules\path-optimization-default)
    Checking wipe-tower v0.1.0 (D:\slicerProject\pinch_n_print_cli_2\modules\core-modules\wipe-tower)
    Checking tree-support v0.1.0 (D:\slicerProject\pinch_n_print_cli_2\modules\core-modules\tree-support)
    Checking fuzzy-skin v0.1.0 (D:\slicerProject\pinch_n_print_cli_2\modules\core-modules\fuzzy-skin)
    Checking part-cooling v0.1.0 (D:\slicerProject\pinch_n_print_cli_2\modules\core-modules\part-cooling)
    Checking skirt-brim v0.1.0 (D:\slicerProject\pinch_n_print_cli_2\modules\core-modules\skirt-brim)
    Checking support-surface-ironing v0.1.0 (D:\slicerProject\pinch_n_print_cli_2\modules\core-modules\support-surface-ironing)
    Checking gyroid-infill v0.1.0 (D:\slicerProject\pinch_n_print_cli_2\modules\core-modules\gyroid-infill)
    Checking overhang-classifier-default v0.1.0 (D:\slicerProject\pinch_n_print_cli_2\modules\core-modules\overhang-classifier-default)
    Checking layer-planner-default v0.1.0 (D:\slicerProject\pinch_n_print_cli_2\modules\core-modules\layer-planner-default)
    Checking lightning-infill v0.1.0 (D:\slicerProject\pinch_n_print_cli_2\modules\core-modules\lightning-infill)
    Checking top-surface-ironing v0.1.0 (D:\slicerProject\pinch_n_print_cli_2\modules\core-modules\top-surface-ironing)
    Checking machine-gcode-emit v0.1.0 (D:\slicerProject\pinch_n_print_cli_2\modules\core-modules\machine-gcode-emit)
    Checking slicer-integrated-modules v0.1.0 (D:\slicerProject\pinch_n_print_cli_2\crates\slicer-integrated-modules)
    Checking slicer-runtime v0.1.0 (D:\slicerProject\pinch_n_print_cli_2\crates\slicer-runtime)
    Checking arachne-perimeters v0.1.0 (D:\slicerProject\pinch_n_print_cli_2\modules\core-modules\arachne-perimeters)
    Checking witness v0.1.0 (D:\slicerProject\pinch_n_print_cli_2\crates\slicer-wasm-host\test-guests\witness)
    Checking tree-support-planner v0.1.0 (D:\slicerProject\pinch_n_print_cli_2\modules\core-modules\tree-support-planner)
    Checking pnp-cli-locator v0.1.0 (D:\slicerProject\pinch_n_print_cli_2\crates\pnp-cli-locator)
    Checking classic-perimeters v0.1.0 (D:\slicerProject\pinch_n_print_cli_2\modules\core-modules\classic-perimeters)
    Checking pnp-cli v0.1.0 (D:\slicerProject\pinch_n_print_cli_2\crates\pnp-cli)
    Checking wave-overhangs v0.1.0 (D:\slicerProject\pinch_n_print_cli_2\modules\core-modules\wave-overhangs)
    Checking sdk-prepass-guest v0.1.0 (D:\slicerProject\pinch_n_print_cli_2\crates\slicer-wasm-host\test-guests\sdk-prepass-guest)
    Checking sdk-layer-infill-guest v0.1.0 (D:\slicerProject\pinch_n_print_cli_2\crates\slicer-wasm-host\test-guests\sdk-layer-infill-guest)
    Checking sdk-finalization-guest v0.1.0 (D:\slicerProject\pinch_n_print_cli_2\crates\slicer-wasm-host\test-guests\sdk-finalization-guest)
    Checking sdk-postpass-text-guest v0.1.0 (D:\slicerProject\pinch_n_print_cli_2\crates\slicer-wasm-host\test-guests\sdk-postpass-text-guest)
    Checking raft-default v0.1.0 (D:\slicerProject\pinch_n_print_cli_2\modules\core-modules\raft-default)
    Checking traditional-support-planner v0.1.0 (D:\slicerProject\pinch_n_print_cli_2\modules\core-modules\traditional-support-planner)
    Checking xtask v0.1.0 (D:\slicerProject\pinch_n_print_cli_2\xtask)
    Finished `dev` profile [unoptimized + debuginfo] target(s) in 2m 34s
warning: the following packages contain code that will be rejected by a future version of Rust: nom v3.2.1, quick-xml v0.22.0
note: to see what the problems were, use the option `--future-incompat-report`, or run `cargo report future-incompatibilities --id 1`
