check-literals: 0 violation(s) in 0 file(s) (watchlist: 147 types)
crates/slicer-macros/tests/module_test_tdd.rs:73: R1 assert!(true)
crates/slicer-macros/tests/module_test_tdd.rs:124: R1 assert!(true)
crates/slicer-model-io/src/loader.rs:3240: R3 silent fixture-skip early return (bare `return` in an if-arm)
crates/slicer-model-io/src/loader.rs:3274: R3 silent fixture-skip early return (bare `return` in an if-arm)
crates/slicer-model-io/src/loader.rs:3295: R3 silent fixture-skip early return (bare `return` in an if-arm)
crates/slicer-runtime/src/progress_instrumentation.rs:492: R8 std::thread::sleep in test code (use a gated/bench target or an explicit join)
crates/slicer-runtime/tests/contract/guest_fixture_freshness_tdd.rs:158: R3 silent fixture-skip early return (bare `return` in an if-arm)
crates/slicer-runtime/tests/e2e/slicer_report_html_tdd.rs:392: R8 std::thread::sleep in test code (use a gated/bench target or an explicit join)
crates/slicer-runtime/tests/e2e/slicer_report_html_tdd.rs:396: R8 std::thread::sleep in test code (use a gated/bench target or an explicit join)
crates/slicer-runtime/tests/executor/layer_slice_tdd.rs:274: R3 silent fixture-skip early return (bare `return` in an if-arm)
crates/slicer-runtime/tests/executor/layer_slice_tdd.rs:336: R3 silent fixture-skip early return (bare `return` in an if-arm)
crates/slicer-wasm-host/src/host.rs:5039: R6 duplicate test-fn name `ir_to_wit_extrusion_role_preserves_reserved_builtin_roles` in one file
check-test-quality: 12 finding(s) in 7 file(s) [report mode]
xtask test: pnp_cli is stale or absent; rebuilding...
    Finished `dev` profile [unoptimized + debuginfo] target(s) in 9.25s
warning: the following packages contain code that will be rejected by a future version of Rust: nom v3.2.1, quick-xml v0.22.0
note: to see what the problems were, use the option `--future-incompat-report`, or run `cargo report future-incompatibilities --id 1`
xtask test: running `cargo test -p slicer-runtime --features perimeter-spatial-test-support --test integration -- perimeter_spatial_capture_and_nonvacuity --nocapture --skip arachne_parity_pipeline_concentric_infill_uses_arachne` (summary mode)
test result: ok. 1 passed; 0 failed; 0 ignored; 0 measured; 370 filtered out; finished in 44.44s

---- failure detail ----
thread '<unnamed>' (26152) panicked at C:\Users\agpen\.cargo\registry\src\index.crates.io-1949cf8c6b5b557f\boostvoronoi-0.12.1\src\extended_scalar\robust_fpt.rs:245:9:
thread '<unnamed>' (12336) panicked at C:\Users\agpen\.cargo\registry\src\index.crates.io-1949cf8c6b5b557f\boostvoronoi-0.12.1\src\extended_scalar\robust_fpt.rs:245:9:
thread '<unnamed>' (26152) panicked at C:\Users\agpen\.cargo\registry\src\index.crates.io-1949cf8c6b5b557f\boostvoronoi-0.12.1\src\extended_scalar\robust_fpt.rs:245:9:
thread '<unnamed>' (12336) panicked at C:\Users\agpen\.cargo\registry\src\index.crates.io-1949cf8c6b5b557f\boostvoronoi-0.12.1\src\extended_scalar\robust_fpt.rs:245:9:
thread '<unnamed>' (19600) panicked at C:\Users\agpen\.cargo\registry\src\index.crates.io-1949cf8c6b5b557f\boostvoronoi-0.12.1\src\extended_scalar\robust_fpt.rs:245:9:
thread '<unnamed>' (19600) panicked at C:\Users\agpen\.cargo\registry\src\index.crates.io-1949cf8c6b5b557f\boostvoronoi-0.12.1\src\extended_scalar\robust_fpt.rs:245:9:
thread '<unnamed>' (23676) panicked at C:\Users\agpen\.cargo\registry\src\index.crates.io-1949cf8c6b5b557f\boostvoronoi-0.12.1\src\extended_scalar\robust_fpt.rs:245:9:
thread '<unnamed>' (26152) panicked at C:\Users\agpen\.cargo\registry\src\index.crates.io-1949cf8c6b5b557f\boostvoronoi-0.12.1\src\extended_scalar\robust_fpt.rs:245:9:
thread '<unnamed>' (19600) panicked at C:\Users\agpen\.cargo\registry\src\index.crates.io-1949cf8c6b5b557f\boostvoronoi-0.12.1\src\extended_scalar\robust_fpt.rs:245:9:
thread '<unnamed>' (12336) panicked at C:\Users\agpen\.cargo\registry\src\index.crates.io-1949cf8c6b5b557f\boostvoronoi-0.12.1\src\extended_scalar\robust_fpt.rs:245:9:
thread '<unnamed>' (23676) panicked at C:\Users\agpen\.cargo\registry\src\index.crates.io-1949cf8c6b5b557f\boostvoronoi-0.12.1\src\extended_scalar\robust_fpt.rs:245:9:
thread '<unnamed>' (23676) panicked at C:\Users\agpen\.cargo\registry\src\index.crates.io-1949cf8c6b5b557f\boostvoronoi-0.12.1\src\extended_scalar\robust_fpt.rs:245:9:
thread '<unnamed>' (25988) panicked at C:\Users\agpen\.cargo\registry\src\index.crates.io-1949cf8c6b5b557f\boostvoronoi-0.12.1\src\extended_scalar\robust_fpt.rs:245:9:
thread '<unnamed>' (25988) panicked at C:\Users\agpen\.cargo\registry\src\index.crates.io-1949cf8c6b5b557f\boostvoronoi-0.12.1\src\extended_scalar\robust_fpt.rs:245:9:
thread '<unnamed>' (25988) panicked at C:\Users\agpen\.cargo\registry\src\index.crates.io-1949cf8c6b5b557f\boostvoronoi-0.12.1\src\extended_scalar\robust_fpt.rs:245:9:
thread '<unnamed>' (9540) panicked at C:\Users\agpen\.cargo\registry\src\index.crates.io-1949cf8c6b5b557f\boostvoronoi-0.12.1\src\extended_scalar\robust_fpt.rs:245:9:
thread '<unnamed>' (9540) panicked at C:\Users\agpen\.cargo\registry\src\index.crates.io-1949cf8c6b5b557f\boostvoronoi-0.12.1\src\extended_scalar\robust_fpt.rs:245:9:
thread '<unnamed>' (9540) panicked at C:\Users\agpen\.cargo\registry\src\index.crates.io-1949cf8c6b5b557f\boostvoronoi-0.12.1\src\extended_scalar\robust_fpt.rs:245:9:
thread '<unnamed>' (9880) panicked at C:\Users\agpen\.cargo\registry\src\index.crates.io-1949cf8c6b5b557f\boostvoronoi-0.12.1\src\extended_scalar\robust_fpt.rs:245:9:
thread '<unnamed>' (9880) panicked at C:\Users\agpen\.cargo\registry\src\index.crates.io-1949cf8c6b5b557f\boostvoronoi-0.12.1\src\extended_scalar\robust_fpt.rs:245:9:
thread '<unnamed>' (9880) panicked at C:\Users\agpen\.cargo\registry\src\index.crates.io-1949cf8c6b5b557f\boostvoronoi-0.12.1\src\extended_scalar\robust_fpt.rs:245:9:
thread '<unnamed>' (9296) panicked at C:\Users\agpen\.cargo\registry\src\index.crates.io-1949cf8c6b5b557f\boostvoronoi-0.12.1\src\extended_scalar\robust_fpt.rs:245:9:
thread '<unnamed>' (9296) panicked at C:\Users\agpen\.cargo\registry\src\index.crates.io-1949cf8c6b5b557f\boostvoronoi-0.12.1\src\extended_scalar\robust_fpt.rs:245:9:
thread '<unnamed>' (9296) panicked at C:\Users\agpen\.cargo\registry\src\index.crates.io-1949cf8c6b5b557f\boostvoronoi-0.12.1\src\extended_scalar\robust_fpt.rs:398:9:
thread '<unnamed>' (9296) panicked at C:\Users\agpen\.cargo\registry\src\index.crates.io-1949cf8c6b5b557f\boostvoronoi-0.12.1\src\extended_scalar\robust_fpt.rs:245:9:
thread '<unnamed>' (9296) panicked at C:\Users\agpen\.cargo\registry\src\index.crates.io-1949cf8c6b5b557f\boostvoronoi-0.12.1\src\extended_scalar\robust_fpt.rs:245:9:
thread '<unnamed>' (9296) panicked at C:\Users\agpen\.cargo\registry\src\index.crates.io-1949cf8c6b5b557f\boostvoronoi-0.12.1\src\extended_scalar\robust_fpt.rs:245:9:
thread '<unnamed>' (26536) panicked at C:\Users\agpen\.cargo\registry\src\index.crates.io-1949cf8c6b5b557f\boostvoronoi-0.12.1\src\extended_scalar\robust_fpt.rs:245:9:
thread '<unnamed>' (26536) panicked at C:\Users\agpen\.cargo\registry\src\index.crates.io-1949cf8c6b5b557f\boostvoronoi-0.12.1\src\extended_scalar\robust_fpt.rs:245:9:
thread '<unnamed>' (26536) panicked at C:\Users\agpen\.cargo\registry\src\index.crates.io-1949cf8c6b5b557f\boostvoronoi-0.12.1\src\extended_scalar\robust_fpt.rs:245:9:
thread '<unnamed>' (2968) panicked at C:\Users\agpen\.cargo\registry\src\index.crates.io-1949cf8c6b5b557f\boostvoronoi-0.12.1\src\extended_scalar\robust_fpt.rs:245:9:
thread '<unnamed>' (8968) panicked at C:\Users\agpen\.cargo\registry\src\index.crates.io-1949cf8c6b5b557f\boostvoronoi-0.12.1\src\extended_scalar\robust_fpt.rs:245:9:
thread '<unnamed>' (2968) panicked at C:\Users\agpen\.cargo\registry\src\index.crates.io-1949cf8c6b5b557f\boostvoronoi-0.12.1\src\extended_scalar\robust_fpt.rs:245:9:
thread '<unnamed>' (8968) panicked at C:\Users\agpen\.cargo\registry\src\index.crates.io-1949cf8c6b5b557f\boostvoronoi-0.12.1\src\extended_scalar\robust_fpt.rs:245:9:
thread '<unnamed>' (2968) panicked at C:\Users\agpen\.cargo\registry\src\index.crates.io-1949cf8c6b5b557f\boostvoronoi-0.12.1\src\extended_scalar\robust_fpt.rs:245:9:
thread '<unnamed>' (8968) panicked at C:\Users\agpen\.cargo\registry\src\index.crates.io-1949cf8c6b5b557f\boostvoronoi-0.12.1\src\extended_scalar\robust_fpt.rs:245:9:
thread '<unnamed>' (19600) panicked at C:\Users\agpen\.cargo\registry\src\index.crates.io-1949cf8c6b5b557f\boostvoronoi-0.12.1\src\extended_scalar\robust_fpt.rs:245:9:
thread '<unnamed>' (19600) panicked at C:\Users\agpen\.cargo\registry\src\index.crates.io-1949cf8c6b5b557f\boostvoronoi-0.12.1\src\extended_scalar\robust_fpt.rs:245:9:
thread '<unnamed>' (19600) panicked at C:\Users\agpen\.cargo\registry\src\index.crates.io-1949cf8c6b5b557f\boostvoronoi-0.12.1\src\extended_scalar\robust_fpt.rs:245:9:
thread '<unnamed>' (25988) panicked at C:\Users\agpen\.cargo\registry\src\index.crates.io-1949cf8c6b5b557f\boostvoronoi-0.12.1\src\extended_scalar\robust_fpt.rs:245:9:
thread '<unnamed>' (25988) panicked at C:\Users\agpen\.cargo\registry\src\index.crates.io-1949cf8c6b5b557f\boostvoronoi-0.12.1\src\extended_scalar\robust_fpt.rs:245:9:
thread '<unnamed>' (25988) panicked at C:\Users\agpen\.cargo\registry\src\index.crates.io-1949cf8c6b5b557f\boostvoronoi-0.12.1\src\extended_scalar\robust_fpt.rs:245:9:
thread '<unnamed>' (12336) panicked at C:\Users\agpen\.cargo\registry\src\index.crates.io-1949cf8c6b5b557f\boostvoronoi-0.12.1\src\extended_scalar\robust_fpt.rs:245:9:
thread '<unnamed>' (12336) panicked at C:\Users\agpen\.cargo\registry\src\index.crates.io-1949cf8c6b5b557f\boostvoronoi-0.12.1\src\extended_scalar\robust_fpt.rs:245:9:
thread '<unnamed>' (26152) panicked at C:\Users\agpen\.cargo\registry\src\index.crates.io-1949cf8c6b5b557f\boostvoronoi-0.12.1\src\extended_scalar\robust_fpt.rs:245:9:
thread '<unnamed>' (12336) panicked at C:\Users\agpen\.cargo\registry\src\index.crates.io-1949cf8c6b5b557f\boostvoronoi-0.12.1\src\extended_scalar\robust_fpt.rs:245:9:
thread '<unnamed>' (26152) panicked at C:\Users\agpen\.cargo\registry\src\index.crates.io-1949cf8c6b5b557f\boostvoronoi-0.12.1\src\extended_scalar\robust_fpt.rs:245:9:
thread '<unnamed>' (26152) panicked at C:\Users\agpen\.cargo\registry\src\index.crates.io-1949cf8c6b5b557f\boostvoronoi-0.12.1\src\extended_scalar\robust_fpt.rs:245:9:
thread '<unnamed>' (23676) panicked at C:\Users\agpen\.cargo\registry\src\index.crates.io-1949cf8c6b5b557f\boostvoronoi-0.12.1\src\extended_scalar\robust_fpt.rs:245:9:
thread '<unnamed>' (23676) panicked at C:\Users\agpen\.cargo\registry\src\index.crates.io-1949cf8c6b5b557f\boostvoronoi-0.12.1\src\extended_scalar\robust_fpt.rs:245:9:
thread '<unnamed>' (23676) panicked at C:\Users\agpen\.cargo\registry\src\index.crates.io-1949cf8c6b5b557f\boostvoronoi-0.12.1\src\extended_scalar\robust_fpt.rs:245:9:
thread '<unnamed>' (9880) panicked at C:\Users\agpen\.cargo\registry\src\index.crates.io-1949cf8c6b5b557f\boostvoronoi-0.12.1\src\extended_scalar\robust_fpt.rs:245:9:
thread '<unnamed>' (9540) panicked at C:\Users\agpen\.cargo\registry\src\index.crates.io-1949cf8c6b5b557f\boostvoronoi-0.12.1\src\extended_scalar\robust_fpt.rs:245:9:
thread '<unnamed>' (9296) panicked at C:\Users\agpen\.cargo\registry\src\index.crates.io-1949cf8c6b5b557f\boostvoronoi-0.12.1\src\extended_scalar\robust_fpt.rs:245:9:
thread '<unnamed>' (9296) panicked at C:\Users\agpen\.cargo\registry\src\index.crates.io-1949cf8c6b5b557f\boostvoronoi-0.12.1\src\extended_scalar\robust_fpt.rs:245:9:
thread '<unnamed>' (9296) panicked at C:\Users\agpen\.cargo\registry\src\index.crates.io-1949cf8c6b5b557f\boostvoronoi-0.12.1\src\extended_scalar\robust_fpt.rs:245:9:
thread '<unnamed>' (9880) panicked at C:\Users\agpen\.cargo\registry\src\index.crates.io-1949cf8c6b5b557f\boostvoronoi-0.12.1\src\extended_scalar\robust_fpt.rs:245:9:
thread '<unnamed>' (9880) panicked at C:\Users\agpen\.cargo\registry\src\index.crates.io-1949cf8c6b5b557f\boostvoronoi-0.12.1\src\extended_scalar\robust_fpt.rs:245:9:
thread '<unnamed>' (9540) panicked at C:\Users\agpen\.cargo\registry\src\index.crates.io-1949cf8c6b5b557f\boostvoronoi-0.12.1\src\extended_scalar\robust_fpt.rs:245:9:
thread '<unnamed>' (9540) panicked at C:\Users\agpen\.cargo\registry\src\index.crates.io-1949cf8c6b5b557f\boostvoronoi-0.12.1\src\extended_scalar\robust_fpt.rs:245:9:
thread '<unnamed>' (8968) panicked at C:\Users\agpen\.cargo\registry\src\index.crates.io-1949cf8c6b5b557f\boostvoronoi-0.12.1\src\extended_scalar\robust_fpt.rs:245:9:
thread '<unnamed>' (8968) panicked at C:\Users\agpen\.cargo\registry\src\index.crates.io-1949cf8c6b5b557f\boostvoronoi-0.12.1\src\extended_scalar\robust_fpt.rs:245:9:
thread '<unnamed>' (8968) panicked at C:\Users\agpen\.cargo\registry\src\index.crates.io-1949cf8c6b5b557f\boostvoronoi-0.12.1\src\extended_scalar\robust_fpt.rs:245:9:
thread '<unnamed>' (26536) panicked at C:\Users\agpen\.cargo\registry\src\index.crates.io-1949cf8c6b5b557f\boostvoronoi-0.12.1\src\extended_scalar\robust_fpt.rs:245:9:
thread '<unnamed>' (24164) panicked at C:\Users\agpen\.cargo\registry\src\index.crates.io-1949cf8c6b5b557f\boostvoronoi-0.12.1\src\extended_scalar\robust_fpt.rs:245:9:
thread '<unnamed>' (26536) panicked at C:\Users\agpen\.cargo\registry\src\index.crates.io-1949cf8c6b5b557f\boostvoronoi-0.12.1\src\extended_scalar\robust_fpt.rs:245:9:
thread '<unnamed>' (24164) panicked at C:\Users\agpen\.cargo\registry\src\index.crates.io-1949cf8c6b5b557f\boostvoronoi-0.12.1\src\extended_scalar\robust_fpt.rs:245:9:
thread '<unnamed>' (2968) panicked at C:\Users\agpen\.cargo\registry\src\index.crates.io-1949cf8c6b5b557f\boostvoronoi-0.12.1\src\extended_scalar\robust_fpt.rs:245:9:
thread '<unnamed>' (26536) panicked at C:\Users\agpen\.cargo\registry\src\index.crates.io-1949cf8c6b5b557f\boostvoronoi-0.12.1\src\extended_scalar\robust_fpt.rs:245:9:
thread '<unnamed>' (24164) panicked at C:\Users\agpen\.cargo\registry\src\index.crates.io-1949cf8c6b5b557f\boostvoronoi-0.12.1\src\extended_scalar\robust_fpt.rs:245:9:
thread '<unnamed>' (2968) panicked at C:\Users\agpen\.cargo\registry\src\index.crates.io-1949cf8c6b5b557f\boostvoronoi-0.12.1\src\extended_scalar\robust_fpt.rs:245:9:
thread '<unnamed>' (2968) panicked at C:\Users\agpen\.cargo\registry\src\index.crates.io-1949cf8c6b5b557f\boostvoronoi-0.12.1\src\extended_scalar\robust_fpt.rs:245:9:
thread '<unnamed>' (25988) panicked at C:\Users\agpen\.cargo\registry\src\index.crates.io-1949cf8c6b5b557f\boostvoronoi-0.12.1\src\extended_scalar\robust_fpt.rs:245:9:
thread '<unnamed>' (25988) panicked at C:\Users\agpen\.cargo\registry\src\index.crates.io-1949cf8c6b5b557f\boostvoronoi-0.12.1\src\extended_scalar\robust_fpt.rs:245:9:
thread '<unnamed>' (25988) panicked at C:\Users\agpen\.cargo\registry\src\index.crates.io-1949cf8c6b5b557f\boostvoronoi-0.12.1\src\extended_scalar\robust_fpt.rs:245:9:
thread '<unnamed>' (19600) panicked at C:\Users\agpen\.cargo\registry\src\index.crates.io-1949cf8c6b5b557f\boostvoronoi-0.12.1\src\extended_scalar\robust_fpt.rs:245:9:
thread '<unnamed>' (19600) panicked at C:\Users\agpen\.cargo\registry\src\index.crates.io-1949cf8c6b5b557f\boostvoronoi-0.12.1\src\extended_scalar\robust_fpt.rs:245:9:
thread '<unnamed>' (19600) panicked at C:\Users\agpen\.cargo\registry\src\index.crates.io-1949cf8c6b5b557f\boostvoronoi-0.12.1\src\extended_scalar\robust_fpt.rs:245:9:

VERDICT: FAIL

Full output written to: D:/slicerProject/pinch_n_print_cli_2/target/test-output.log
Inspect with: grep "^test result:" D:/slicerProject/pinch_n_print_cli_2/target/test-output.log   (summaries)
               grep -n "FAILED|panicked at" D:/slicerProject/pinch_n_print_cli_2/target/test-output.log (failures)
